MO Control NULL Control.v vlg41/_control.bin 1699697851
MO DM NULL DM.v vlg21/_d_m.bin 1699690289
MO NPC NULL NPC.v vlg71/_n_p_c.bin 1699697813
MO EXT NULL Ext.v vlg49/_e_x_t.bin 1699697845
MO GRF NULL GRF.v vlg4F/_g_r_f.bin 1699690289
MO mips NULL mips.v vlg1D/mips.bin 1699690289
MO IFU NULL IFU.v vlg54/_i_f_u.bin 1699697822
MO ALU NULL ALU.v vlg2A/_a_l_u.bin 1699690289
